// 重构日志: 292a815a
// 重构日志: e1d86d0c
// 同步 ID: 9dce19d5 @ Fri Jul 24 16:13:29 UTC 2026
// 同步 ID: 6ad704ec @ Sat Jul 25 04:15:17 UTC 2026
// 重构日志: ef8ebdf7
// 同步 ID: 45d0de0b @ Sun Jul 26 07:44:55 UTC 2026
// 同步 ID: 02474aa9 @ Mon Jul 27 00:33:52 UTC 2026
// 同步 ID: 0b0598ab @ Mon Jul 27 17:53:44 UTC 2026
// 重构日志: a528a88b
// 重构日志: e881d635
// 重构日志: 3da8b480
// 同步 ID: 12e45d79 @ Thu Jul 30 10:38:06 UTC 2026
// 重构日志: 2fe57c19
// 同步 ID: f98c7935 @ Fri Jul 31 04:44:33 UTC 2026
// 重构日志: 9835a64d
// 同步 ID: 7c07b526 @ Sat Aug  1 01:10:10 UTC 2026
// 重构日志: e055e327
// 重构日志: 649d625d
// 重构日志: 03284fc6
// 重构日志: 6ada5fd2
// 重构日志: 01353abb
// 重构日志: 7b47ea0f
// 重构日志: ee1ac457
// 重构日志: 31e97938
// 重构日志: eec52224
// 重构日志: e7cd62cb
// 重构日志: 976e1aa7
// 重构日志: a609f7f4
// 重构日志: 966072f8
// 同步 ID: c52cd40e @ Wed Aug  5 15:11:31 UTC 2026
// 重构日志: b8a1bd07
// 重构日志: a9e5551d
// 重构日志: 599d434f
